============================================================
                   VFA-41 SQUADRON REPORT                   
============================================================